Archive member included because of file (symbol)

/usr/lib/i386-linux-gnu/libc_nonshared.a(elf-init.oS)
                              /usr/lib/gcc/i686-linux-gnu/4.7/../../../i386-linux-gnu/crt1.o (__libc_csu_init)

Discarded input sections

 .note.GNU-stack
                0x0000000000000000        0x0 /usr/lib/gcc/i686-linux-gnu/4.7/../../../i386-linux-gnu/crt1.o
 .gnu_debuglink
                0x0000000000000000        0xc /usr/lib/gcc/i686-linux-gnu/4.7/../../../i386-linux-gnu/crt1.o
 .note.GNU-stack
                0x0000000000000000        0x0 /usr/lib/gcc/i686-linux-gnu/4.7/../../../i386-linux-gnu/crti.o
 .gnu_debuglink
                0x0000000000000000        0xc /usr/lib/gcc/i686-linux-gnu/4.7/../../../i386-linux-gnu/crti.o
 .note.GNU-stack
                0x0000000000000000        0x0 /usr/lib/gcc/i686-linux-gnu/4.7/crtbegin.o
 .note.GNU-stack
                0x0000000000000000        0x0 obj/hello_c.o
 .group         0x0000000000000000        0x8 /usr/lib/i386-linux-gnu/libc_nonshared.a(elf-init.oS)
 .note.GNU-stack
                0x0000000000000000        0x0 /usr/lib/i386-linux-gnu/libc_nonshared.a(elf-init.oS)
 .note.GNU-stack
                0x0000000000000000        0x0 /usr/lib/gcc/i686-linux-gnu/4.7/crtend.o
 .note.GNU-stack
                0x0000000000000000        0x0 /usr/lib/gcc/i686-linux-gnu/4.7/../../../i386-linux-gnu/crtn.o
 .gnu_debuglink
                0x0000000000000000        0xc /usr/lib/gcc/i686-linux-gnu/4.7/../../../i386-linux-gnu/crtn.o

Memory Configuration

Name             Origin             Length             Attributes
*default*        0x0000000000000000 0xffffffffffffffff

Linker script and memory map

LOAD /usr/lib/gcc/i686-linux-gnu/4.7/../../../i386-linux-gnu/crt1.o
LOAD /usr/lib/gcc/i686-linux-gnu/4.7/../../../i386-linux-gnu/crti.o
LOAD /usr/lib/gcc/i686-linux-gnu/4.7/crtbegin.o
LOAD obj/hello_c.o
LOAD /usr/lib/gcc/i686-linux-gnu/4.7/libgcc.a
LOAD /usr/lib/gcc/i686-linux-gnu/4.7/libgcc_s.so
LOAD /usr/lib/gcc/i686-linux-gnu/4.7/../../../i386-linux-gnu/libc.so
START GROUP
LOAD /lib/i386-linux-gnu/libc.so.6
LOAD /usr/lib/i386-linux-gnu/libc_nonshared.a
LOAD /lib/i386-linux-gnu/ld-linux.so.2
END GROUP
LOAD /usr/lib/gcc/i686-linux-gnu/4.7/libgcc.a
LOAD /usr/lib/gcc/i686-linux-gnu/4.7/libgcc_s.so
LOAD /usr/lib/gcc/i686-linux-gnu/4.7/crtend.o
LOAD /usr/lib/gcc/i686-linux-gnu/4.7/../../../i386-linux-gnu/crtn.o
                0x0000000008048000                PROVIDE (__executable_start, 0x8048000)
                0x0000000008048154                . = (0x8048000 + SIZEOF_HEADERS)

.interp         0x0000000008048154       0x13
 *(.interp)
 .interp        0x0000000008048154       0x13 /usr/lib/gcc/i686-linux-gnu/4.7/../../../i386-linux-gnu/crt1.o

.note.ABI-tag   0x0000000008048168       0x20
 .note.ABI-tag  0x0000000008048168       0x20 /usr/lib/gcc/i686-linux-gnu/4.7/../../../i386-linux-gnu/crt1.o

.note.gnu.build-id
                0x0000000008048188       0x24
 *(.note.gnu.build-id)
 .note.gnu.build-id
                0x0000000008048188       0x24 /usr/lib/gcc/i686-linux-gnu/4.7/../../../i386-linux-gnu/crt1.o

.hash
 *(.hash)

.gnu.hash       0x00000000080481ac       0x20
 *(.gnu.hash)
 .gnu.hash      0x00000000080481ac       0x20 /usr/lib/gcc/i686-linux-gnu/4.7/../../../i386-linux-gnu/crt1.o

.dynsym         0x00000000080481cc       0x50
 *(.dynsym)
 .dynsym        0x00000000080481cc       0x50 /usr/lib/gcc/i686-linux-gnu/4.7/../../../i386-linux-gnu/crt1.o

.dynstr         0x000000000804821c       0x4a
 *(.dynstr)
 .dynstr        0x000000000804821c       0x4a /usr/lib/gcc/i686-linux-gnu/4.7/../../../i386-linux-gnu/crt1.o

.gnu.version    0x0000000008048266        0xa
 *(.gnu.version)
 .gnu.version   0x0000000008048266        0xa /usr/lib/gcc/i686-linux-gnu/4.7/../../../i386-linux-gnu/crt1.o

.gnu.version_d  0x0000000008048270        0x0
 *(.gnu.version_d)
 .gnu.version_d
                0x0000000000000000        0x0 /usr/lib/gcc/i686-linux-gnu/4.7/../../../i386-linux-gnu/crt1.o

.gnu.version_r  0x0000000008048270       0x20
 *(.gnu.version_r)
 .gnu.version_r
                0x0000000008048270       0x20 /usr/lib/gcc/i686-linux-gnu/4.7/../../../i386-linux-gnu/crt1.o

.rel.dyn        0x0000000008048290        0x8
 *(.rel.init)
 *(.rel.text .rel.text.* .rel.gnu.linkonce.t.*)
 .rel.text      0x0000000000000000        0x0 /usr/lib/gcc/i686-linux-gnu/4.7/../../../i386-linux-gnu/crt1.o
 *(.rel.fini)
 *(.rel.rodata .rel.rodata.* .rel.gnu.linkonce.r.*)
 *(.rel.data.rel.ro .rel.data.rel.ro.* .rel.gnu.linkonce.d.rel.ro.*)
 *(.rel.data .rel.data.* .rel.gnu.linkonce.d.*)
 *(.rel.tdata .rel.tdata.* .rel.gnu.linkonce.td.*)
 *(.rel.tbss .rel.tbss.* .rel.gnu.linkonce.tb.*)
 *(.rel.ctors)
 *(.rel.dtors)
 *(.rel.got)
 .rel.got       0x0000000008048290        0x8 /usr/lib/gcc/i686-linux-gnu/4.7/../../../i386-linux-gnu/crt1.o
 *(.rel.bss .rel.bss.* .rel.gnu.linkonce.b.*)
 .rel.bss       0x0000000000000000        0x0 /usr/lib/gcc/i686-linux-gnu/4.7/../../../i386-linux-gnu/crt1.o
 *(.rel.ifunc)

.rel.plt        0x0000000008048298       0x18
 *(.rel.plt)
 .rel.plt       0x0000000008048298       0x18 /usr/lib/gcc/i686-linux-gnu/4.7/../../../i386-linux-gnu/crt1.o
                0x00000000080482b0                PROVIDE (__rel_iplt_start, .)
 *(.rel.iplt)
 .rel.iplt      0x0000000000000000        0x0 /usr/lib/gcc/i686-linux-gnu/4.7/../../../i386-linux-gnu/crt1.o
                0x00000000080482b0                PROVIDE (__rel_iplt_end, .)

.init           0x00000000080482b0       0x24
 *(SORT(.init))
 .init          0x00000000080482b0       0x1f /usr/lib/gcc/i686-linux-gnu/4.7/../../../i386-linux-gnu/crti.o
                0x00000000080482b0                _init
 .init          0x00000000080482cf        0x5 /usr/lib/gcc/i686-linux-gnu/4.7/../../../i386-linux-gnu/crtn.o

.plt            0x00000000080482e0       0x40
 *(.plt)
 .plt           0x00000000080482e0       0x40 /usr/lib/gcc/i686-linux-gnu/4.7/../../../i386-linux-gnu/crt1.o
                0x00000000080482f0                puts@@GLIBC_2.0
                0x0000000008048310                __libc_start_main@@GLIBC_2.0
 *(.iplt)
 .iplt          0x0000000000000000        0x0 /usr/lib/gcc/i686-linux-gnu/4.7/../../../i386-linux-gnu/crt1.o

.text           0x0000000008048320      0x188
 *(.text.unlikely .text.*_unlikely)
 *(.text.exit .text.exit.*)
 *(.text.startup .text.startup.*)
 *(.text.hot .text.hot.*)
 *(.text .stub .text.* .gnu.linkonce.t.*)
 .text          0x0000000008048320       0x24 /usr/lib/gcc/i686-linux-gnu/4.7/../../../i386-linux-gnu/crt1.o
                0x0000000008048320                _start
 .text          0x0000000008048344        0x0 /usr/lib/gcc/i686-linux-gnu/4.7/../../../i386-linux-gnu/crti.o
 *fill*         0x0000000008048344        0xc 
 .text          0x0000000008048350       0xbc /usr/lib/gcc/i686-linux-gnu/4.7/crtbegin.o
 .text          0x000000000804840c       0x1c obj/hello_c.o
                0x000000000804840c                main
 *fill*         0x0000000008048428        0x8 
 .text          0x0000000008048430       0x72 /usr/lib/i386-linux-gnu/libc_nonshared.a(elf-init.oS)
                0x0000000008048430                __libc_csu_init
                0x00000000080484a0                __libc_csu_fini
 .text.__i686.get_pc_thunk.bx
                0x00000000080484a2        0x4 /usr/lib/i386-linux-gnu/libc_nonshared.a(elf-init.oS)
                0x00000000080484a2                __i686.get_pc_thunk.bx
 *fill*         0x00000000080484a6        0x2 
 .text          0x00000000080484a8        0x0 /usr/lib/gcc/i686-linux-gnu/4.7/crtend.o
 .text          0x00000000080484a8        0x0 /usr/lib/gcc/i686-linux-gnu/4.7/../../../i386-linux-gnu/crtn.o
 *(.gnu.warning)

.fini           0x00000000080484a8       0x15
 *(SORT(.fini))
 .fini          0x00000000080484a8       0x10 /usr/lib/gcc/i686-linux-gnu/4.7/../../../i386-linux-gnu/crti.o
                0x00000000080484a8                _fini
 .fini          0x00000000080484b8        0x5 /usr/lib/gcc/i686-linux-gnu/4.7/../../../i386-linux-gnu/crtn.o
                0x00000000080484bd                PROVIDE (__etext, .)
                0x00000000080484bd                PROVIDE (_etext, .)
                0x00000000080484bd                PROVIDE (etext, .)

.rodata         0x00000000080484c0       0x15
 *(.rodata .rodata.* .gnu.linkonce.r.*)
 .rodata        0x00000000080484c0        0x4 /usr/lib/gcc/i686-linux-gnu/4.7/../../../i386-linux-gnu/crt1.o
                0x00000000080484c0                _fp_hw
 .rodata.cst4   0x00000000080484c4        0x4 /usr/lib/gcc/i686-linux-gnu/4.7/../../../i386-linux-gnu/crt1.o
                0x00000000080484c4                _IO_stdin_used
 .rodata        0x00000000080484c8        0xd obj/hello_c.o

.rodata1
 *(.rodata1)

.eh_frame_hdr   0x00000000080484d8       0x34
 *(.eh_frame_hdr)
 .eh_frame_hdr  0x00000000080484d8       0x34 obj/hello_c.o

.eh_frame       0x000000000804850c       0xc4
 *(.eh_frame)
 .eh_frame      0x000000000804850c       0x3c /usr/lib/gcc/i686-linux-gnu/4.7/../../../i386-linux-gnu/crt1.o
                                         0x40 (size before relaxing)
 .eh_frame      0x0000000008048548       0x20 obj/hello_c.o
                                         0x38 (size before relaxing)
 .eh_frame      0x0000000008048568       0x64 /usr/lib/i386-linux-gnu/libc_nonshared.a(elf-init.oS)
                                         0x7c (size before relaxing)
 .eh_frame      0x00000000080485cc        0x4 /usr/lib/gcc/i686-linux-gnu/4.7/crtend.o

.gcc_except_table
 *(.gcc_except_table .gcc_except_table.*)

.exception_ranges
 *(.exception_ranges .exception_ranges*)
                0x00000000080485d0                . = (ALIGN (0x1000) - ((0x1000 - .) & 0xfff))
                0x0000000008049f08                . = DATA_SEGMENT_ALIGN (0x1000, 0x1000)

.eh_frame
 *(.eh_frame)

.gcc_except_table
 *(.gcc_except_table .gcc_except_table.*)

.exception_ranges
 *(.exception_ranges .exception_ranges*)

.tdata
 *(.tdata .tdata.* .gnu.linkonce.td.*)

.tbss
 *(.tbss .tbss.* .gnu.linkonce.tb.*)
 *(.tcommon)

.preinit_array  0x0000000008049f08        0x0
                0x0000000008049f08                PROVIDE (__preinit_array_start, .)
 *(.preinit_array)
                0x0000000008049f08                PROVIDE (__preinit_array_end, .)

.init_array     0x0000000008049f08        0x4
                0x0000000008049f08                PROVIDE (__init_array_start, .)
 *(SORT(.init_array.*) SORT(.ctors.*))
 *(.init_array)
 .init_array    0x0000000008049f08        0x4 /usr/lib/gcc/i686-linux-gnu/4.7/crtbegin.o
 *(EXCLUDE_FILE(*crtend?.o *crtend.o *crtbegin?.o *crtbegin.o) .ctors)
                0x0000000008049f0c                PROVIDE (__init_array_end, .)

.fini_array     0x0000000008049f0c        0x4
                0x0000000008049f0c                PROVIDE (__fini_array_start, .)
 *(SORT(.fini_array.*) SORT(.dtors.*))
 *(.fini_array)
 .fini_array    0x0000000008049f0c        0x4 /usr/lib/gcc/i686-linux-gnu/4.7/crtbegin.o
 *(EXCLUDE_FILE(*crtend?.o *crtend.o *crtbegin?.o *crtbegin.o) .dtors)
                0x0000000008049f10                PROVIDE (__fini_array_end, .)

.ctors
 *crtbegin.o(.ctors)
 *crtbegin?.o(.ctors)
 *(EXCLUDE_FILE(*crtend?.o *crtend.o) .ctors)
 *(SORT(.ctors.*))
 *(.ctors)

.dtors
 *crtbegin.o(.dtors)
 *crtbegin?.o(.dtors)
 *(EXCLUDE_FILE(*crtend?.o *crtend.o) .dtors)
 *(SORT(.dtors.*))
 *(.dtors)

.jcr            0x0000000008049f10        0x4
 *(.jcr)
 .jcr           0x0000000008049f10        0x0 /usr/lib/gcc/i686-linux-gnu/4.7/crtbegin.o
 .jcr           0x0000000008049f10        0x4 /usr/lib/gcc/i686-linux-gnu/4.7/crtend.o

.data.rel.ro
 *(.data.rel.ro.local* .gnu.linkonce.d.rel.ro.local.*)
 *(.data.rel.ro .data.rel.ro.* .gnu.linkonce.d.rel.ro.*)

.dynamic        0x0000000008049f14       0xe8
 *(.dynamic)
 .dynamic       0x0000000008049f14       0xe8 /usr/lib/gcc/i686-linux-gnu/4.7/../../../i386-linux-gnu/crt1.o
                0x0000000008049f14                _DYNAMIC

.got            0x0000000008049ffc        0x4
 *(.got)
 .got           0x0000000008049ffc        0x4 /usr/lib/gcc/i686-linux-gnu/4.7/../../../i386-linux-gnu/crt1.o
 *(.igot)
                0x000000000804aff4                . = DATA_SEGMENT_RELRO_END (., (SIZEOF (.got.plt) >= 0xc)?0xc:0x0)

.got.plt        0x000000000804a000       0x18
 *(.got.plt)
 .got.plt       0x000000000804a000       0x18 /usr/lib/gcc/i686-linux-gnu/4.7/../../../i386-linux-gnu/crt1.o
                0x000000000804a000                _GLOBAL_OFFSET_TABLE_
 *(.igot.plt)
 .igot.plt      0x0000000000000000        0x0 /usr/lib/gcc/i686-linux-gnu/4.7/../../../i386-linux-gnu/crt1.o

.data           0x000000000804a018        0x8
 *(.data .data.* .gnu.linkonce.d.*)
 .data          0x000000000804a018        0x4 /usr/lib/gcc/i686-linux-gnu/4.7/../../../i386-linux-gnu/crt1.o
                0x000000000804a018                data_start
                0x000000000804a018                __data_start
 .data          0x000000000804a01c        0x0 /usr/lib/gcc/i686-linux-gnu/4.7/../../../i386-linux-gnu/crti.o
 .data          0x000000000804a01c        0x4 /usr/lib/gcc/i686-linux-gnu/4.7/crtbegin.o
                0x000000000804a01c                __dso_handle
 .data          0x000000000804a020        0x0 obj/hello_c.o
 .data          0x000000000804a020        0x0 /usr/lib/i386-linux-gnu/libc_nonshared.a(elf-init.oS)
 .data          0x000000000804a020        0x0 /usr/lib/gcc/i686-linux-gnu/4.7/crtend.o
 .data          0x000000000804a020        0x0 /usr/lib/gcc/i686-linux-gnu/4.7/../../../i386-linux-gnu/crtn.o

.tm_clone_table
                0x000000000804a020        0x0
 .tm_clone_table
                0x000000000804a020        0x0 /usr/lib/gcc/i686-linux-gnu/4.7/crtbegin.o
 .tm_clone_table
                0x000000000804a020        0x0 /usr/lib/gcc/i686-linux-gnu/4.7/crtend.o

.data1
 *(.data1)
                0x000000000804a020                _edata = .
                0x000000000804a020                PROVIDE (edata, .)
                0x000000000804a020                . = .
                0x000000000804a020                __bss_start = .

.bss            0x000000000804a020        0x4
 *(.dynbss)
 .dynbss        0x0000000000000000        0x0 /usr/lib/gcc/i686-linux-gnu/4.7/../../../i386-linux-gnu/crt1.o
 *(.bss .bss.* .gnu.linkonce.b.*)
 .bss           0x000000000804a020        0x0 /usr/lib/gcc/i686-linux-gnu/4.7/../../../i386-linux-gnu/crt1.o
 .bss           0x000000000804a020        0x0 /usr/lib/gcc/i686-linux-gnu/4.7/../../../i386-linux-gnu/crti.o
 .bss           0x000000000804a020        0x1 /usr/lib/gcc/i686-linux-gnu/4.7/crtbegin.o
 *fill*         0x000000000804a021        0x3 
 .bss           0x000000000804a024        0x0 obj/hello_c.o
 .bss           0x000000000804a024        0x0 /usr/lib/i386-linux-gnu/libc_nonshared.a(elf-init.oS)
 .bss           0x000000000804a024        0x0 /usr/lib/gcc/i686-linux-gnu/4.7/crtend.o
 .bss           0x000000000804a024        0x0 /usr/lib/gcc/i686-linux-gnu/4.7/../../../i386-linux-gnu/crtn.o
 *(COMMON)
                0x000000000804a024                . = ALIGN ((. != 0x0)?0x4:0x1)
                0x000000000804a024                . = ALIGN (0x4)
                0x000000000804a024                . = ALIGN (0x4)
                0x000000000804a024                _end = .
                0x000000000804a024                PROVIDE (end, .)
                0x000000000804a024                . = DATA_SEGMENT_END (.)

.stab
 *(.stab)

.stabstr
 *(.stabstr)

.stab.excl
 *(.stab.excl)

.stab.exclstr
 *(.stab.exclstr)

.stab.index
 *(.stab.index)

.stab.indexstr
 *(.stab.indexstr)

.comment        0x0000000000000000       0x6b
 *(.comment)
 .comment       0x0000000000000000       0x2a /usr/lib/gcc/i686-linux-gnu/4.7/crtbegin.o
                                         0x2b (size before relaxing)
 .comment       0x0000000000000000       0x2b obj/hello_c.o
 .comment       0x000000000000002a       0x41 /usr/lib/i386-linux-gnu/libc_nonshared.a(elf-init.oS)
                                         0x42 (size before relaxing)
 .comment       0x0000000000000000       0x2b /usr/lib/gcc/i686-linux-gnu/4.7/crtend.o

.debug
 *(.debug)

.line
 *(.line)

.debug_srcinfo
 *(.debug_srcinfo)

.debug_sfnames
 *(.debug_sfnames)

.debug_aranges
 *(.debug_aranges)

.debug_pubnames
 *(.debug_pubnames)

.debug_info
 *(.debug_info .gnu.linkonce.wi.*)

.debug_abbrev
 *(.debug_abbrev)

.debug_line
 *(.debug_line)

.debug_frame
 *(.debug_frame)

.debug_str
 *(.debug_str)

.debug_loc
 *(.debug_loc)

.debug_macinfo
 *(.debug_macinfo)

.debug_weaknames
 *(.debug_weaknames)

.debug_funcnames
 *(.debug_funcnames)

.debug_typenames
 *(.debug_typenames)

.debug_varnames
 *(.debug_varnames)

.debug_pubtypes
 *(.debug_pubtypes)

.debug_ranges
 *(.debug_ranges)

.debug_macro
 *(.debug_macro)

.gnu.attributes
 *(.gnu.attributes)

/DISCARD/
 *(.note.GNU-stack)
 *(.gnu_debuglink)
 *(.gnu.lto_*)
OUTPUT(bin/hello_c elf32-i386)
